// Jest Snapshot v1, https://goo.gl/fbAQLP

exports[`adds listeners and calls fetch 1`] = `
<h1
  data=""
/>
`;
